=== RUN   TestGpmagic
=== RUN   TestGpmagic/diagonal_condition
=== RUN   TestGpmagic/diagonal_sharp
--- PASS: TestGpmagic (0.00s)
    --- PASS: TestGpmagic/diagonal_condition (0.00s)
    --- PASS: TestGpmagic/diagonal_sharp (0.00s)
=== RUN   TestIsHappyTicket
=== RUN   TestIsHappyTicket/simple_succeeded_test
=== RUN   TestIsHappyTicket/not_happy_ticket
=== RUN   TestIsHappyTicket/have_error
--- PASS: TestIsHappyTicket (0.00s)
    --- PASS: TestIsHappyTicket/simple_succeeded_test (0.00s)
    --- PASS: TestIsHappyTicket/not_happy_ticket (0.00s)
    --- PASS: TestIsHappyTicket/have_error (0.00s)
=== RUN   TestLen
=== RUN   TestLen/test_0
=== RUN   TestLen/test_1
=== RUN   TestLen/test_2
=== RUN   TestLen/test_3
=== RUN   TestLen/test_4
--- PASS: TestLen (0.00s)
    --- PASS: TestLen/test_0 (0.00s)
    --- PASS: TestLen/test_1 (0.00s)
    --- PASS: TestLen/test_2 (0.00s)
    --- PASS: TestLen/test_3 (0.00s)
    --- PASS: TestLen/test_4 (0.00s)
=== RUN   TestNHappyTickets
=== RUN   TestNHappyTickets/test_0
=== RUN   TestNHappyTickets/test_1
=== RUN   TestNHappyTickets/test_2
=== RUN   TestNHappyTickets/test_3
=== RUN   TestNHappyTickets/test_4
=== RUN   TestNHappyTickets/test_5
=== RUN   TestNHappyTickets/test_6
=== RUN   TestNHappyTickets/test_7
=== RUN   TestNHappyTickets/test_8
=== RUN   TestNHappyTickets/test_9
--- PASS: TestNHappyTickets (0.00s)
    --- PASS: TestNHappyTickets/test_0 (0.00s)
    --- PASS: TestNHappyTickets/test_1 (0.00s)
    --- PASS: TestNHappyTickets/test_2 (0.00s)
    --- PASS: TestNHappyTickets/test_3 (0.00s)
    --- PASS: TestNHappyTickets/test_4 (0.00s)
    --- PASS: TestNHappyTickets/test_5 (0.00s)
    --- PASS: TestNHappyTickets/test_6 (0.00s)
    --- PASS: TestNHappyTickets/test_7 (0.00s)
    --- PASS: TestNHappyTickets/test_8 (0.00s)
    --- PASS: TestNHappyTickets/test_9 (0.00s)
=== RUN   TestIteractivePow
=== RUN   TestIteractivePow/test_simple_pow
=== RUN   TestIteractivePow/test_simple_pow_negative_number
--- PASS: TestIteractivePow (0.00s)
    --- PASS: TestIteractivePow/test_simple_pow (0.00s)
    --- PASS: TestIteractivePow/test_simple_pow_negative_number (0.00s)
=== RUN   TestFibonacci
=== RUN   TestFibonacci/test01_simple_fib
=== RUN   TestFibonacci/test02_simple_fib
=== RUN   TestFibonacci/test03_simple_fib
--- PASS: TestFibonacci (0.00s)
    --- PASS: TestFibonacci/test01_simple_fib (0.00s)
    --- PASS: TestFibonacci/test02_simple_fib (0.00s)
    --- PASS: TestFibonacci/test03_simple_fib (0.00s)
=== RUN   TestRecFibonacci
=== RUN   TestRecFibonacci/test01_simple_fib
=== RUN   TestRecFibonacci/test02_simple_fib
--- PASS: TestRecFibonacci (0.00s)
    --- PASS: TestRecFibonacci/test01_simple_fib (0.00s)
    --- PASS: TestRecFibonacci/test02_simple_fib (0.00s)
=== RUN   TestFindSimpleDiv
=== RUN   TestFindSimpleDiv/test01
=== RUN   TestFindSimpleDiv/test02
--- PASS: TestFindSimpleDiv (0.00s)
    --- PASS: TestFindSimpleDiv/test01 (0.00s)
    --- PASS: TestFindSimpleDiv/test02 (0.00s)
=== RUN   TestBinaryExpansionPow
=== RUN   TestBinaryExpansionPow/test01
=== RUN   TestBinaryExpansionPow/test02
=== RUN   TestBinaryExpansionPow/test03
--- PASS: TestBinaryExpansionPow (0.00s)
    --- PASS: TestBinaryExpansionPow/test01 (0.00s)
    --- PASS: TestBinaryExpansionPow/test02 (0.00s)
    --- PASS: TestBinaryExpansionPow/test03 (0.00s)
=== RUN   TestGoldenRatioFibonacci
=== RUN   TestGoldenRatioFibonacci/test01_simple_fib
=== RUN   TestGoldenRatioFibonacci/test02_simple_fib
--- PASS: TestGoldenRatioFibonacci (0.00s)
    --- PASS: TestGoldenRatioFibonacci/test01_simple_fib (0.00s)
    --- PASS: TestGoldenRatioFibonacci/test02_simple_fib (0.00s)
goos: darwin
goarch: arm64
pkg: github.com/dndev-xx/go-os-algo-courses/internal/basic-module
cpu: Apple M4 Pro
BenchmarkIterectiveFibonacci
BenchmarkIterectiveFibonacci/base=5
BenchmarkIterectiveFibonacci/base=5-14         	100979870	        11.68 ns/op	      48 B/op	       1 allocs/op
BenchmarkIterectiveFibonacci/base=10
BenchmarkIterectiveFibonacci/base=10-14        	70332073	        17.87 ns/op	      96 B/op	       1 allocs/op
BenchmarkIterectiveFibonacci/base=15
BenchmarkIterectiveFibonacci/base=15-14        	36200776	        32.15 ns/op	     128 B/op	       1 allocs/op
BenchmarkIterectiveFibonacci/base=20
BenchmarkIterectiveFibonacci/base=20-14        	29916390	        40.09 ns/op	     176 B/op	       1 allocs/op
BenchmarkIterectiveFibonacci/base=25
BenchmarkIterectiveFibonacci/base=25-14        	24515562	        49.25 ns/op	     208 B/op	       1 allocs/op
BenchmarkIterectiveFibonacci/base=30
BenchmarkIterectiveFibonacci/base=30-14        	19628997	        61.43 ns/op	     256 B/op	       1 allocs/op
BenchmarkRecFibonacci
BenchmarkRecFibonacci/base=5
BenchmarkRecFibonacci/base=5-14                	131513731	         9.098 ns/op	       0 B/op	       0 allocs/op
BenchmarkRecFibonacci/base=10
BenchmarkRecFibonacci/base=10-14               	10585020	       114.3 ns/op	       0 B/op	       0 allocs/op
BenchmarkRecFibonacci/base=15
BenchmarkRecFibonacci/base=15-14               	  899162	      1244 ns/op	       0 B/op	       0 allocs/op
BenchmarkRecFibonacci/base=20
BenchmarkRecFibonacci/base=20-14               	   89252	     13684 ns/op	       0 B/op	       0 allocs/op
BenchmarkRecFibonacci/base=25
BenchmarkRecFibonacci/base=25-14               	    7888	    150682 ns/op	       0 B/op	       0 allocs/op
BenchmarkRecFibonacci/base=30
BenchmarkRecFibonacci/base=30-14               	     723	   1673561 ns/op	       0 B/op	       0 allocs/op
BenchmarkGoldenRationFibonacci
BenchmarkGoldenRationFibonacci/base=5
BenchmarkGoldenRationFibonacci/base=5-14       	166863300	         7.145 ns/op	       0 B/op	       0 allocs/op
BenchmarkGoldenRationFibonacci/base=10
BenchmarkGoldenRationFibonacci/base=10-14      	150647296	         7.975 ns/op	       0 B/op	       0 allocs/op
BenchmarkGoldenRationFibonacci/base=15
BenchmarkGoldenRationFibonacci/base=15-14      	150103986	         8.008 ns/op	       0 B/op	       0 allocs/op
BenchmarkGoldenRationFibonacci/base=20
BenchmarkGoldenRationFibonacci/base=20-14      	136754175	         8.786 ns/op	       0 B/op	       0 allocs/op
BenchmarkGoldenRationFibonacci/base=25
BenchmarkGoldenRationFibonacci/base=25-14      	143013144	         8.374 ns/op	       0 B/op	       0 allocs/op
BenchmarkGoldenRationFibonacci/base=30
BenchmarkGoldenRationFibonacci/base=30-14      	143801876	         8.377 ns/op	       0 B/op	       0 allocs/op
PASS
ok  	github.com/dndev-xx/go-os-algo-courses/internal/basic-module	22.043s
