=== RUN   TestGpmagic
=== RUN   TestGpmagic/diagonal_condition
=== RUN   TestGpmagic/diagonal_sharp
--- PASS: TestGpmagic (0.00s)
    --- PASS: TestGpmagic/diagonal_condition (0.00s)
    --- PASS: TestGpmagic/diagonal_sharp (0.00s)
=== RUN   TestIsHappyTicket
=== RUN   TestIsHappyTicket/simple_succeeded_test
=== RUN   TestIsHappyTicket/not_happy_ticket
=== RUN   TestIsHappyTicket/have_error
--- PASS: TestIsHappyTicket (0.00s)
    --- PASS: TestIsHappyTicket/simple_succeeded_test (0.00s)
    --- PASS: TestIsHappyTicket/not_happy_ticket (0.00s)
    --- PASS: TestIsHappyTicket/have_error (0.00s)
=== RUN   TestLen
=== RUN   TestLen/test_0
=== RUN   TestLen/test_1
=== RUN   TestLen/test_2
=== RUN   TestLen/test_3
=== RUN   TestLen/test_4
--- PASS: TestLen (0.00s)
    --- PASS: TestLen/test_0 (0.00s)
    --- PASS: TestLen/test_1 (0.00s)
    --- PASS: TestLen/test_2 (0.00s)
    --- PASS: TestLen/test_3 (0.00s)
    --- PASS: TestLen/test_4 (0.00s)
=== RUN   TestNHappyTickets
=== RUN   TestNHappyTickets/test_0
=== RUN   TestNHappyTickets/test_1
=== RUN   TestNHappyTickets/test_2
=== RUN   TestNHappyTickets/test_3
=== RUN   TestNHappyTickets/test_4
=== RUN   TestNHappyTickets/test_5
=== RUN   TestNHappyTickets/test_6
=== RUN   TestNHappyTickets/test_7
=== RUN   TestNHappyTickets/test_8
=== RUN   TestNHappyTickets/test_9
--- PASS: TestNHappyTickets (0.00s)
    --- PASS: TestNHappyTickets/test_0 (0.00s)
    --- PASS: TestNHappyTickets/test_1 (0.00s)
    --- PASS: TestNHappyTickets/test_2 (0.00s)
    --- PASS: TestNHappyTickets/test_3 (0.00s)
    --- PASS: TestNHappyTickets/test_4 (0.00s)
    --- PASS: TestNHappyTickets/test_5 (0.00s)
    --- PASS: TestNHappyTickets/test_6 (0.00s)
    --- PASS: TestNHappyTickets/test_7 (0.00s)
    --- PASS: TestNHappyTickets/test_8 (0.00s)
    --- PASS: TestNHappyTickets/test_9 (0.00s)
=== RUN   TestIteractivePow
=== RUN   TestIteractivePow/test_simple_pow
=== RUN   TestIteractivePow/test_simple_pow_negative_number
--- PASS: TestIteractivePow (0.00s)
    --- PASS: TestIteractivePow/test_simple_pow (0.00s)
    --- PASS: TestIteractivePow/test_simple_pow_negative_number (0.00s)
=== RUN   TestFibonacci
=== RUN   TestFibonacci/test01_simple_fib
=== RUN   TestFibonacci/test02_simple_fib
=== RUN   TestFibonacci/test03_simple_fib
--- PASS: TestFibonacci (0.00s)
    --- PASS: TestFibonacci/test01_simple_fib (0.00s)
    --- PASS: TestFibonacci/test02_simple_fib (0.00s)
    --- PASS: TestFibonacci/test03_simple_fib (0.00s)
=== RUN   TestRecFibonacci
=== RUN   TestRecFibonacci/test01_simple_fib
=== RUN   TestRecFibonacci/test02_simple_fib
--- PASS: TestRecFibonacci (0.00s)
    --- PASS: TestRecFibonacci/test01_simple_fib (0.00s)
    --- PASS: TestRecFibonacci/test02_simple_fib (0.00s)
=== RUN   TestFindSimpleDiv
=== RUN   TestFindSimpleDiv/test01
=== RUN   TestFindSimpleDiv/test02
--- PASS: TestFindSimpleDiv (0.00s)
    --- PASS: TestFindSimpleDiv/test01 (0.00s)
    --- PASS: TestFindSimpleDiv/test02 (0.00s)
=== RUN   TestBinaryExpansionPow
=== RUN   TestBinaryExpansionPow/test01
=== RUN   TestBinaryExpansionPow/test02
=== RUN   TestBinaryExpansionPow/test03
--- PASS: TestBinaryExpansionPow (0.00s)
    --- PASS: TestBinaryExpansionPow/test01 (0.00s)
    --- PASS: TestBinaryExpansionPow/test02 (0.00s)
    --- PASS: TestBinaryExpansionPow/test03 (0.00s)
=== RUN   TestGoldenRatioFibonacci
=== RUN   TestGoldenRatioFibonacci/test01_simple_fib
=== RUN   TestGoldenRatioFibonacci/test02_simple_fib
--- PASS: TestGoldenRatioFibonacci (0.00s)
    --- PASS: TestGoldenRatioFibonacci/test01_simple_fib (0.00s)
    --- PASS: TestGoldenRatioFibonacci/test02_simple_fib (0.00s)
goos: darwin
goarch: arm64
pkg: github.com/dndev-xx/go-os-algo-courses/internal/basic-module
cpu: Apple M4 Pro
BenchmarkIteractivePow
BenchmarkIteractivePow/base=2,exp=10
BenchmarkIteractivePow/base=2,exp=10-14         	314142121	         3.703 ns/op	       0 B/op	       0 allocs/op
BenchmarkIteractivePow/base=2,exp=-10
BenchmarkIteractivePow/base=2,exp=-10-14        	331072498	         3.677 ns/op	       0 B/op	       0 allocs/op
BenchmarkIteractivePow/base=2.5,exp=20
BenchmarkIteractivePow/base=2.5,exp=20-14       	191895838	         6.234 ns/op	       0 B/op	       0 allocs/op
BenchmarkIteractivePow/base=0.5,exp=15
BenchmarkIteractivePow/base=0.5,exp=15-14       	249393898	         4.801 ns/op	       0 B/op	       0 allocs/op
BenchmarkIteractivePow/base=3,exp=0
BenchmarkIteractivePow/base=3,exp=0-14          	765716126	         1.578 ns/op	       0 B/op	       0 allocs/op
BenchmarkIteractivePow/base=0,exp=5
BenchmarkIteractivePow/base=0,exp=5-14          	768909774	         1.569 ns/op	       0 B/op	       0 allocs/op
BenchmarkIteractivePow/base=1.0001,exp=100
BenchmarkIteractivePow/base=1.0001,exp=100-14   	28678003	        42.08 ns/op	       0 B/op	       0 allocs/op
BenchmarkIteractivePow/base=0.9999,exp=100
BenchmarkIteractivePow/base=0.9999,exp=100-14   	28610767	        42.04 ns/op	       0 B/op	       0 allocs/op
PASS
ok  	github.com/dndev-xx/go-os-algo-courses/internal/basic-module	10.009s
